[     369ms] [LOG] [Fast Refresh] rebuilding @ http://localhost:3000/_next/static/chunks/node_modules_next_dist_115brz8._.js:2448
[     641ms] [LOG] [Fast Refresh] done in 373ms @ http://localhost:3000/_next/static/chunks/node_modules_next_dist_115brz8._.js:2448
[    1884ms] [LOG] [Fast Refresh] rebuilding @ http://localhost:3000/_next/static/chunks/node_modules_next_dist_115brz8._.js:2448
[    1890ms] [LOG] %c[Vercel Speed Insights]%c [vitals] color: rgb(120, 120, 120) color: inherit {speed: 4g, metrics: Array(3), scriptVersion: 0.1.3, sdkName: @vercel/speed-insights/next, sdkVersion: 2.0.0} /_vercel/speed-insights/vitals @ http://localhost:3000/_next/static/chunks/node_modules_next_dist_115brz8._.js:2448
[    1892ms] [LOG] %c[Vercel Speed Insights]%c [vitals] color: rgb(120, 120, 120) color: inherit {speed: 4g, metrics: Array(1), scriptVersion: 0.1.3, sdkName: @vercel/speed-insights/next, sdkVersion: 2.0.0} /_vercel/speed-insights/vitals @ http://localhost:3000/_next/static/chunks/node_modules_next_dist_115brz8._.js:2448
[    3136ms] [INFO] %cDownload the React DevTools for a better development experience: https://react.dev/link/react-devtools font-weight:bold @ http://localhost:3000/_next/static/chunks/node_modules_next_dist_115brz8._.js:2448
[    3213ms] [LOG] [HMR] connected @ http://localhost:3000/_next/static/chunks/node_modules_next_dist_115brz8._.js:2448
[    3869ms] [LOG] [Fast Refresh] rebuilding @ http://localhost:3000/_next/static/chunks/node_modules_next_dist_115brz8._.js:2448
[    3869ms] [LOG] %c[Vercel Web Analytics]%c Debug mode is enabled by default in development. No requests will be sent to the server. color: rgb(120, 120, 120) color: inherit @ http://localhost:3000/_next/static/chunks/node_modules_next_dist_115brz8._.js:2448
[    3869ms] [LOG] %c[Vercel Web Analytics]%c Running queued event color: rgb(120, 120, 120) color: inherit pageview {route: /[semester]/[exam]/[jurusan]/subject/[id], path: /s1/uts/bm/subject/marketing} @ http://localhost:3000/_next/static/chunks/node_modules_next_dist_115brz8._.js:2448
[    3869ms] [LOG] %c[Vercel Web Analytics]%c [view] http://localhost:3000/s1/uts/bm/subject/marketing?tab=rangkuman color: rgb(120, 120, 120) color: inherit {o: http://localhost:3000/s1/uts/bm/subject/marketing?tab=rangkuman, sv: 0.1.3, sdkn: @vercel/analytics/next, sdkv: 2.0.1, ts: 1781070963776} /_vercel/insights/view @ http://localhost:3000/_next/static/chunks/node_modules_next_dist_115brz8._.js:2448
[    3870ms] [LOG] %c[Vercel Speed Insights]%c Debug mode is enabled by default in development. No requests will be sent to the server. color: rgb(120, 120, 120) color: inherit @ http://localhost:3000/_next/static/chunks/node_modules_next_dist_115brz8._.js:2448
[    4209ms] [LOG] [Fast Refresh] done in 441ms @ http://localhost:3000/_next/static/chunks/node_modules_next_dist_115brz8._.js:2448
[    5312ms] [LOG] [Fast Refresh] rebuilding @ http://localhost:3000/_next/static/chunks/node_modules_next_dist_115brz8._.js:2448
[    5394ms] [LOG] [Fast Refresh] done in 183ms @ http://localhost:3000/_next/static/chunks/node_modules_next_dist_115brz8._.js:2448
[    5798ms] [LOG] [Fast Refresh] rebuilding @ http://localhost:3000/_next/static/chunks/node_modules_next_dist_115brz8._.js:2448
[    5830ms] [LOG] [Fast Refresh] done in 134ms @ http://localhost:3000/_next/static/chunks/node_modules_next_dist_115brz8._.js:2448
[    9093ms] [LOG] [Fast Refresh] rebuilding @ http://localhost:3000/_next/static/chunks/node_modules_next_dist_115brz8._.js:2448
[    9177ms] [LOG] [Fast Refresh] done in 185ms @ http://localhost:3000/_next/static/chunks/node_modules_next_dist_115brz8._.js:2448
[   10332ms] [ERROR] Failed to load resource: the server responded with a status of 403 () @ https://accounts.google.com/v3/signin/identifier?continue=https%3A%2F%2Fdrive.google.com%2Fdrivesharing%2Fclientmodel%3Fid%3D1K_-cKLu3BNH2_HVRBdp77vzfliz0gTJ5%26foreignService%3Dtexmex%26authuser%3D0%26origin%3Dhttps%3A%2F%2Fdrive.google.com&dsh=S1343596917%3A1781070969606190&followup=https%3A%2F%2Fdrive.google.com%2Fdrivesharing%2Fclientmodel%3Fid%3D1K_-cKLu3BNH2_HVRBdp77vzfliz0gTJ5%26foreignService%3Dtexmex%26authuser%3D0%26origin%3Dhttps%3A%2F%2Fdrive.google.com&osid=1&passive=1209600&flowName=GlifWebSignIn&flowEntry=ServiceLogin&ifkv=AcDsRvyuSxUBt_afokhWqzSRtJPYnRF3dxxEC8LFQiXXoscb0UQQys6XaYOe1_PYSMmMBbJiqtAi3g:0
[   12438ms] [INFO] Banner not shown: beforeinstallpromptevent.preventDefault() called. The page must call beforeinstallpromptevent.prompt() to show the banner. @ http://localhost:3000/s1/uts/bm/subject/marketing?tab=rangkuman:0
